// Vitest Snapshot v1

exports[`code() builder using Prism (incl generalized tests) > valid language choice is rendered 1`] = `
"<div class=\\"markdown-body\\"><h1>Code Builder Test</h1>
<p>This test is intended to validate testing of code blocks; the first test is a typescript block.</p>

<div class=\\"code-block language-typescript\\"></div>
<p>But now we have some Rust code too:</p>

<div class=\\"code-block language-rust line-numbers-mode\\"></div>
<p>The test is now complete; everyone should return to their desks.</p>
</div>"
`;
