// Vitest Snapshot v1

exports[`excerpt snapshots > HTML is consistent 1`] = `undefined`;

exports[`excerpt snapshots > custom blocks are consistent 1`] = `undefined`;

exports[`excerpt snapshots > frontmatter is consistent 1`] = `undefined`;

exports[`excerpt snapshots > script blocks are consistent 1`] = `undefined`;
