// Vitest Snapshot v1

exports[`meta() snapshots > HTML is consistent 1`] = `undefined`;

exports[`meta() snapshots > custom blocks are consistent 1`] = `undefined`;

exports[`meta() snapshots > frontmatter is consistent 1`] = `undefined`;

exports[`meta() snapshots > script blocks are consistent 1`] = `undefined`;
