// Vitest Snapshot v1, https://vitest.dev/guide/snapshot.html

exports[`transform snapshots > customBlocks remain the same 1`] = `[]`;

exports[`transform snapshots > frontmatter remains the same 1`] = `
{
  "description": "hello world",
  "hello": "how friendly",
  "title": "transform tests",
}
`;

exports[`transform snapshots > head props remains the same 1`] = `{}`;

exports[`transform snapshots > html remains the same 1`] = `
"<div class=\\"markdown-body\\"><h1>Hello</h1>


<ul>
<li>A</li>
<li>B</li>
<li>C</li>
</ul>
<h2>Escaping Code Tag Interpolation</h2>
<div>{{hello}}</div>
<p>When the markdown below is parsed – assuming the default behavior of “escapeCodeTagInterpolation” is set – it should be translated to include a “pre” attribute on the <code class=\\"\\">code</code> tag so that VueJS does not interpolate this as a variable:</p>
<pre v-pre=\\"true\\"><code class=\\"language-html\\">&lt;div&gt;{{hello}}&lt;/div&gt;
</code></pre>
<p>By contrast, the below code fence will take on the opposite behavior:</p>
<pre><code class=\\"language-ts\\">const theValue = {{ hello }};
</code></pre>
</div>"
`;

exports[`transform snapshots > meta props remains the same 1`] = `
[
  {
    "content": "transform tests",
    "itemprop": "title",
    "key": "title",
    "name": "twitter:title",
    "property": "og:title",
  },
  {
    "content": "hello world",
    "itemprop": "description",
    "key": "description",
    "name": "twitter:description",
    "property": "og:description",
  },
]
`;

exports[`transform snapshots > script blocks remain the same 1`] = `
[
  "
<script lang=\\"ts\\">
/** frontmatter meta-data for MD page **/
export interface Frontmatter {
  title?: string
  description?: string
  subject?: string
  category?: string
  name?: string
  excerpt?: string
  image?: string
  layout?: string
  requiredAuth?: boolean
  meta?: Record<string, any>[]
  [key: string]: unknown
}
export const frontmatter: Frontmatter = {\\"title\\":\\"transform tests\\",\\"description\\":\\"hello world\\",\\"hello\\":\\"how friendly\\"}
export const excerpt: string | undefined = \\"\\"

</script>",
]
`;
